  Determining projects to restore...
  All projects are up-to-date for restore.
  LibraryAPI.Domain -> C:\Projects\Personal\LibraryApp\Backend\LibraryAPI\src\Domain\LibraryAPI.Domain\bin\Debug\net8.0\LibraryAPI.Domain.dll
  LibraryAPI.Application -> C:\Projects\Personal\LibraryApp\Backend\LibraryAPI\src\Application\LibraryAPI.Application\bin\Debug\net8.0\LibraryAPI.Application.dll
  LibraryAPI.Infrastructure -> C:\Projects\Personal\LibraryApp\Backend\LibraryAPI\src\Infrastructure\LibraryAPI.Infrastructure\bin\Debug\net8.0\LibraryAPI.Infrastructure.dll
C:\Program Files\dotnet\sdk\10.0.103\Microsoft.Common.CurrentVersion.targets(5080,5): warning MSB3026: Could not copy "C:\Projects\Personal\LibraryApp\Backend\LibraryAPI\src\Infrastructure\LibraryAPI.Infrastructure\bin\Debug\net8.0\LibraryAPI.Infrastructure.dll" to "bin\Debug\net8.0\LibraryAPI.Infrastructure.dll". Beginning retry 1 in 1000ms. The process cannot access the file 'C:\Projects\Personal\LibraryApp\Backend\LibraryAPI\src\Presentation\LibraryAPI.Api\bin\Debug\net8.0\LibraryAPI.Infrastructure.dll' because it is being used by another process. The file is locked by: "Microsoft Visual Studio (44612), IIS Express Worker Process (1272)" [C:\Projects\Personal\LibraryApp\Backend\LibraryAPI\src\Presentation\LibraryAPI.Api\LibraryAPI.Api.csproj]
C:\Program Files\dotnet\sdk\10.0.103\Microsoft.Common.CurrentVersion.targets(5080,5): warning MSB3026: Could not copy "C:\Projects\Personal\LibraryApp\Backend\LibraryAPI\src\Domain\LibraryAPI.Domain\bin\Debug\net8.0\LibraryAPI.Domain.dll" to "bin\Debug\net8.0\LibraryAPI.Domain.dll". Beginning retry 1 in 1000ms. The process cannot access the file 'C:\Projects\Personal\LibraryApp\Backend\LibraryAPI\src\Presentation\LibraryAPI.Api\bin\Debug\net8.0\LibraryAPI.Domain.dll' because it is being used by another process. The file is locked by: "IIS Express Worker Process (1272)" [C:\Projects\Personal\LibraryApp\Backend\LibraryAPI\src\Presentation\LibraryAPI.Api\LibraryAPI.Api.csproj]
C:\Program Files\dotnet\sdk\10.0.103\Microsoft.Common.CurrentVersion.targets(5080,5): warning MSB3026: Could not copy "C:\Projects\Personal\LibraryApp\Backend\LibraryAPI\src\Application\LibraryAPI.Application\bin\Debug\net8.0\LibraryAPI.Application.dll" to "bin\Debug\net8.0\LibraryAPI.Application.dll". Beginning retry 1 in 1000ms. The process cannot access the file 'C:\Projects\Personal\LibraryApp\Backend\LibraryAPI\src\Presentation\LibraryAPI.Api\bin\Debug\net8.0\LibraryAPI.Application.dll' because it is being used by another process. The file is locked by: "IIS Express Worker Process (1272)" [C:\Projects\Personal\LibraryApp\Backend\LibraryAPI\src\Presentation\LibraryAPI.Api\LibraryAPI.Api.csproj]
C:\Program Files\dotnet\sdk\10.0.103\Microsoft.Common.CurrentVersion.targets(5080,5): warning MSB3026: Could not copy "C:\Projects\Personal\LibraryApp\Backend\LibraryAPI\src\Infrastructure\LibraryAPI.Infrastructure\bin\Debug\net8.0\LibraryAPI.Infrastructure.dll" to "bin\Debug\net8.0\LibraryAPI.Infrastructure.dll". Beginning retry 2 in 1000ms. The process cannot access the file 'C:\Projects\Personal\LibraryApp\Backend\LibraryAPI\src\Presentation\LibraryAPI.Api\bin\Debug\net8.0\LibraryAPI.Infrastructure.dll' because it is being used by another process. The file is locked by: "Microsoft Visual Studio (44612), IIS Express Worker Process (1272)" [C:\Projects\Personal\LibraryApp\Backend\LibraryAPI\src\Presentation\LibraryAPI.Api\LibraryAPI.Api.csproj]
C:\Program Files\dotnet\sdk\10.0.103\Microsoft.Common.CurrentVersion.targets(5080,5): warning MSB3026: Could not copy "C:\Projects\Personal\LibraryApp\Backend\LibraryAPI\src\Domain\LibraryAPI.Domain\bin\Debug\net8.0\LibraryAPI.Domain.dll" to "bin\Debug\net8.0\LibraryAPI.Domain.dll". Beginning retry 2 in 1000ms. The process cannot access the file 'C:\Projects\Personal\LibraryApp\Backend\LibraryAPI\src\Presentation\LibraryAPI.Api\bin\Debug\net8.0\LibraryAPI.Domain.dll' because it is being used by another process. The file is locked by: "IIS Express Worker Process (1272)" [C:\Projects\Personal\LibraryApp\Backend\LibraryAPI\src\Presentation\LibraryAPI.Api\LibraryAPI.Api.csproj]
C:\Program Files\dotnet\sdk\10.0.103\Microsoft.Common.CurrentVersion.targets(5080,5): warning MSB3026: Could not copy "C:\Projects\Personal\LibraryApp\Backend\LibraryAPI\src\Application\LibraryAPI.Application\bin\Debug\net8.0\LibraryAPI.Application.dll" to "bin\Debug\net8.0\LibraryAPI.Application.dll". Beginning retry 2 in 1000ms. The process cannot access the file 'C:\Projects\Personal\LibraryApp\Backend\LibraryAPI\src\Presentation\LibraryAPI.Api\bin\Debug\net8.0\LibraryAPI.Application.dll' because it is being used by another process. The file is locked by: "IIS Express Worker Process (1272)" [C:\Projects\Personal\LibraryApp\Backend\LibraryAPI\src\Presentation\LibraryAPI.Api\LibraryAPI.Api.csproj]
C:\Program Files\dotnet\sdk\10.0.103\Microsoft.Common.CurrentVersion.targets(5080,5): warning MSB3026: Could not copy "C:\Projects\Personal\LibraryApp\Backend\LibraryAPI\src\Application\LibraryAPI.Application\bin\Debug\net8.0\LibraryAPI.Application.dll" to "bin\Debug\net8.0\LibraryAPI.Application.dll". Beginning retry 3 in 1000ms. The process cannot access the file 'C:\Projects\Personal\LibraryApp\Backend\LibraryAPI\src\Presentation\LibraryAPI.Api\bin\Debug\net8.0\LibraryAPI.Application.dll' because it is being used by another process. The file is locked by: "IIS Express Worker Process (1272)" [C:\Projects\Personal\LibraryApp\Backend\LibraryAPI\src\Presentation\LibraryAPI.Api\LibraryAPI.Api.csproj]
C:\Program Files\dotnet\sdk\10.0.103\Microsoft.Common.CurrentVersion.targets(5080,5): warning MSB3026: Could not copy "C:\Projects\Personal\LibraryApp\Backend\LibraryAPI\src\Domain\LibraryAPI.Domain\bin\Debug\net8.0\LibraryAPI.Domain.dll" to "bin\Debug\net8.0\LibraryAPI.Domain.dll". Beginning retry 3 in 1000ms. The process cannot access the file 'C:\Projects\Personal\LibraryApp\Backend\LibraryAPI\src\Presentation\LibraryAPI.Api\bin\Debug\net8.0\LibraryAPI.Domain.dll' because it is being used by another process. The file is locked by: "IIS Express Worker Process (1272)" [C:\Projects\Personal\LibraryApp\Backend\LibraryAPI\src\Presentation\LibraryAPI.Api\LibraryAPI.Api.csproj]
C:\Program Files\dotnet\sdk\10.0.103\Microsoft.Common.CurrentVersion.targets(5080,5): warning MSB3026: Could not copy "C:\Projects\Personal\LibraryApp\Backend\LibraryAPI\src\Infrastructure\LibraryAPI.Infrastructure\bin\Debug\net8.0\LibraryAPI.Infrastructure.dll" to "bin\Debug\net8.0\LibraryAPI.Infrastructure.dll". Beginning retry 3 in 1000ms. The process cannot access the file 'C:\Projects\Personal\LibraryApp\Backend\LibraryAPI\src\Presentation\LibraryAPI.Api\bin\Debug\net8.0\LibraryAPI.Infrastructure.dll' because it is being used by another process. The file is locked by: "Microsoft Visual Studio (44612), IIS Express Worker Process (1272)" [C:\Projects\Personal\LibraryApp\Backend\LibraryAPI\src\Presentation\LibraryAPI.Api\LibraryAPI.Api.csproj]
C:\Program Files\dotnet\sdk\10.0.103\Microsoft.Common.CurrentVersion.targets(5080,5): warning MSB3026: Could not copy "C:\Projects\Personal\LibraryApp\Backend\LibraryAPI\src\Application\LibraryAPI.Application\bin\Debug\net8.0\LibraryAPI.Application.dll" to "bin\Debug\net8.0\LibraryAPI.Application.dll". Beginning retry 4 in 1000ms. The process cannot access the file 'C:\Projects\Personal\LibraryApp\Backend\LibraryAPI\src\Presentation\LibraryAPI.Api\bin\Debug\net8.0\LibraryAPI.Application.dll' because it is being used by another process. The file is locked by: "IIS Express Worker Process (1272)" [C:\Projects\Personal\LibraryApp\Backend\LibraryAPI\src\Presentation\LibraryAPI.Api\LibraryAPI.Api.csproj]
C:\Program Files\dotnet\sdk\10.0.103\Microsoft.Common.CurrentVersion.targets(5080,5): warning MSB3026: Could not copy "C:\Projects\Personal\LibraryApp\Backend\LibraryAPI\src\Domain\LibraryAPI.Domain\bin\Debug\net8.0\LibraryAPI.Domain.dll" to "bin\Debug\net8.0\LibraryAPI.Domain.dll". Beginning retry 4 in 1000ms. The process cannot access the file 'C:\Projects\Personal\LibraryApp\Backend\LibraryAPI\src\Presentation\LibraryAPI.Api\bin\Debug\net8.0\LibraryAPI.Domain.dll' because it is being used by another process. The file is locked by: "IIS Express Worker Process (1272)" [C:\Projects\Personal\LibraryApp\Backend\LibraryAPI\src\Presentation\LibraryAPI.Api\LibraryAPI.Api.csproj]
C:\Program Files\dotnet\sdk\10.0.103\Microsoft.Common.CurrentVersion.targets(5080,5): warning MSB3026: Could not copy "C:\Projects\Personal\LibraryApp\Backend\LibraryAPI\src\Infrastructure\LibraryAPI.Infrastructure\bin\Debug\net8.0\LibraryAPI.Infrastructure.dll" to "bin\Debug\net8.0\LibraryAPI.Infrastructure.dll". Beginning retry 4 in 1000ms. The process cannot access the file 'C:\Projects\Personal\LibraryApp\Backend\LibraryAPI\src\Presentation\LibraryAPI.Api\bin\Debug\net8.0\LibraryAPI.Infrastructure.dll' because it is being used by another process. The file is locked by: "Microsoft Visual Studio (44612), IIS Express Worker Process (1272)" [C:\Projects\Personal\LibraryApp\Backend\LibraryAPI\src\Presentation\LibraryAPI.Api\LibraryAPI.Api.csproj]
C:\Program Files\dotnet\sdk\10.0.103\Microsoft.Common.CurrentVersion.targets(5080,5): warning MSB3026: Could not copy "C:\Projects\Personal\LibraryApp\Backend\LibraryAPI\src\Application\LibraryAPI.Application\bin\Debug\net8.0\LibraryAPI.Application.dll" to "bin\Debug\net8.0\LibraryAPI.Application.dll". Beginning retry 5 in 1000ms. The process cannot access the file 'C:\Projects\Personal\LibraryApp\Backend\LibraryAPI\src\Presentation\LibraryAPI.Api\bin\Debug\net8.0\LibraryAPI.Application.dll' because it is being used by another process. The file is locked by: "IIS Express Worker Process (1272)" [C:\Projects\Personal\LibraryApp\Backend\LibraryAPI\src\Presentation\LibraryAPI.Api\LibraryAPI.Api.csproj]
C:\Program Files\dotnet\sdk\10.0.103\Microsoft.Common.CurrentVersion.targets(5080,5): warning MSB3026: Could not copy "C:\Projects\Personal\LibraryApp\Backend\LibraryAPI\src\Domain\LibraryAPI.Domain\bin\Debug\net8.0\LibraryAPI.Domain.dll" to "bin\Debug\net8.0\LibraryAPI.Domain.dll". Beginning retry 5 in 1000ms. The process cannot access the file 'C:\Projects\Personal\LibraryApp\Backend\LibraryAPI\src\Presentation\LibraryAPI.Api\bin\Debug\net8.0\LibraryAPI.Domain.dll' because it is being used by another process. The file is locked by: "IIS Express Worker Process (1272)" [C:\Projects\Personal\LibraryApp\Backend\LibraryAPI\src\Presentation\LibraryAPI.Api\LibraryAPI.Api.csproj]
C:\Program Files\dotnet\sdk\10.0.103\Microsoft.Common.CurrentVersion.targets(5080,5): warning MSB3026: Could not copy "C:\Projects\Personal\LibraryApp\Backend\LibraryAPI\src\Infrastructure\LibraryAPI.Infrastructure\bin\Debug\net8.0\LibraryAPI.Infrastructure.dll" to "bin\Debug\net8.0\LibraryAPI.Infrastructure.dll". Beginning retry 5 in 1000ms. The process cannot access the file 'C:\Projects\Personal\LibraryApp\Backend\LibraryAPI\src\Presentation\LibraryAPI.Api\bin\Debug\net8.0\LibraryAPI.Infrastructure.dll' because it is being used by another process. The file is locked by: "Microsoft Visual Studio (44612), IIS Express Worker Process (1272)" [C:\Projects\Personal\LibraryApp\Backend\LibraryAPI\src\Presentation\LibraryAPI.Api\LibraryAPI.Api.csproj]
C:\Program Files\dotnet\sdk\10.0.103\Microsoft.Common.CurrentVersion.targets(5080,5): warning MSB3026: Could not copy "C:\Projects\Personal\LibraryApp\Backend\LibraryAPI\src\Application\LibraryAPI.Application\bin\Debug\net8.0\LibraryAPI.Application.dll" to "bin\Debug\net8.0\LibraryAPI.Application.dll". Beginning retry 6 in 1000ms. The process cannot access the file 'C:\Projects\Personal\LibraryApp\Backend\LibraryAPI\src\Presentation\LibraryAPI.Api\bin\Debug\net8.0\LibraryAPI.Application.dll' because it is being used by another process. The file is locked by: "IIS Express Worker Process (1272)" [C:\Projects\Personal\LibraryApp\Backend\LibraryAPI\src\Presentation\LibraryAPI.Api\LibraryAPI.Api.csproj]
C:\Program Files\dotnet\sdk\10.0.103\Microsoft.Common.CurrentVersion.targets(5080,5): warning MSB3026: Could not copy "C:\Projects\Personal\LibraryApp\Backend\LibraryAPI\src\Domain\LibraryAPI.Domain\bin\Debug\net8.0\LibraryAPI.Domain.dll" to "bin\Debug\net8.0\LibraryAPI.Domain.dll". Beginning retry 6 in 1000ms. The process cannot access the file 'C:\Projects\Personal\LibraryApp\Backend\LibraryAPI\src\Presentation\LibraryAPI.Api\bin\Debug\net8.0\LibraryAPI.Domain.dll' because it is being used by another process. The file is locked by: "IIS Express Worker Process (1272)" [C:\Projects\Personal\LibraryApp\Backend\LibraryAPI\src\Presentation\LibraryAPI.Api\LibraryAPI.Api.csproj]
C:\Program Files\dotnet\sdk\10.0.103\Microsoft.Common.CurrentVersion.targets(5080,5): warning MSB3026: Could not copy "C:\Projects\Personal\LibraryApp\Backend\LibraryAPI\src\Infrastructure\LibraryAPI.Infrastructure\bin\Debug\net8.0\LibraryAPI.Infrastructure.dll" to "bin\Debug\net8.0\LibraryAPI.Infrastructure.dll". Beginning retry 6 in 1000ms. The process cannot access the file 'C:\Projects\Personal\LibraryApp\Backend\LibraryAPI\src\Presentation\LibraryAPI.Api\bin\Debug\net8.0\LibraryAPI.Infrastructure.dll' because it is being used by another process. The file is locked by: "Microsoft Visual Studio (44612), IIS Express Worker Process (1272)" [C:\Projects\Personal\LibraryApp\Backend\LibraryAPI\src\Presentation\LibraryAPI.Api\LibraryAPI.Api.csproj]
C:\Program Files\dotnet\sdk\10.0.103\Microsoft.Common.CurrentVersion.targets(5080,5): warning MSB3026: Could not copy "C:\Projects\Personal\LibraryApp\Backend\LibraryAPI\src\Application\LibraryAPI.Application\bin\Debug\net8.0\LibraryAPI.Application.dll" to "bin\Debug\net8.0\LibraryAPI.Application.dll". Beginning retry 7 in 1000ms. The process cannot access the file 'C:\Projects\Personal\LibraryApp\Backend\LibraryAPI\src\Presentation\LibraryAPI.Api\bin\Debug\net8.0\LibraryAPI.Application.dll' because it is being used by another process. The file is locked by: "IIS Express Worker Process (1272)" [C:\Projects\Personal\LibraryApp\Backend\LibraryAPI\src\Presentation\LibraryAPI.Api\LibraryAPI.Api.csproj]
C:\Program Files\dotnet\sdk\10.0.103\Microsoft.Common.CurrentVersion.targets(5080,5): warning MSB3026: Could not copy "C:\Projects\Personal\LibraryApp\Backend\LibraryAPI\src\Domain\LibraryAPI.Domain\bin\Debug\net8.0\LibraryAPI.Domain.dll" to "bin\Debug\net8.0\LibraryAPI.Domain.dll". Beginning retry 7 in 1000ms. The process cannot access the file 'C:\Projects\Personal\LibraryApp\Backend\LibraryAPI\src\Presentation\LibraryAPI.Api\bin\Debug\net8.0\LibraryAPI.Domain.dll' because it is being used by another process. The file is locked by: "IIS Express Worker Process (1272)" [C:\Projects\Personal\LibraryApp\Backend\LibraryAPI\src\Presentation\LibraryAPI.Api\LibraryAPI.Api.csproj]
C:\Program Files\dotnet\sdk\10.0.103\Microsoft.Common.CurrentVersion.targets(5080,5): warning MSB3026: Could not copy "C:\Projects\Personal\LibraryApp\Backend\LibraryAPI\src\Infrastructure\LibraryAPI.Infrastructure\bin\Debug\net8.0\LibraryAPI.Infrastructure.dll" to "bin\Debug\net8.0\LibraryAPI.Infrastructure.dll". Beginning retry 7 in 1000ms. The process cannot access the file 'C:\Projects\Personal\LibraryApp\Backend\LibraryAPI\src\Presentation\LibraryAPI.Api\bin\Debug\net8.0\LibraryAPI.Infrastructure.dll' because it is being used by another process. The file is locked by: "Microsoft Visual Studio (44612), IIS Express Worker Process (1272)" [C:\Projects\Personal\LibraryApp\Backend\LibraryAPI\src\Presentation\LibraryAPI.Api\LibraryAPI.Api.csproj]
C:\Program Files\dotnet\sdk\10.0.103\Microsoft.Common.CurrentVersion.targets(5080,5): warning MSB3026: Could not copy "C:\Projects\Personal\LibraryApp\Backend\LibraryAPI\src\Application\LibraryAPI.Application\bin\Debug\net8.0\LibraryAPI.Application.dll" to "bin\Debug\net8.0\LibraryAPI.Application.dll". Beginning retry 8 in 1000ms. The process cannot access the file 'C:\Projects\Personal\LibraryApp\Backend\LibraryAPI\src\Presentation\LibraryAPI.Api\bin\Debug\net8.0\LibraryAPI.Application.dll' because it is being used by another process. The file is locked by: "IIS Express Worker Process (1272)" [C:\Projects\Personal\LibraryApp\Backend\LibraryAPI\src\Presentation\LibraryAPI.Api\LibraryAPI.Api.csproj]
C:\Program Files\dotnet\sdk\10.0.103\Microsoft.Common.CurrentVersion.targets(5080,5): warning MSB3026: Could not copy "C:\Projects\Personal\LibraryApp\Backend\LibraryAPI\src\Domain\LibraryAPI.Domain\bin\Debug\net8.0\LibraryAPI.Domain.dll" to "bin\Debug\net8.0\LibraryAPI.Domain.dll". Beginning retry 8 in 1000ms. The process cannot access the file 'C:\Projects\Personal\LibraryApp\Backend\LibraryAPI\src\Presentation\LibraryAPI.Api\bin\Debug\net8.0\LibraryAPI.Domain.dll' because it is being used by another process. The file is locked by: "IIS Express Worker Process (1272)" [C:\Projects\Personal\LibraryApp\Backend\LibraryAPI\src\Presentation\LibraryAPI.Api\LibraryAPI.Api.csproj]
C:\Program Files\dotnet\sdk\10.0.103\Microsoft.Common.CurrentVersion.targets(5080,5): warning MSB3026: Could not copy "C:\Projects\Personal\LibraryApp\Backend\LibraryAPI\src\Infrastructure\LibraryAPI.Infrastructure\bin\Debug\net8.0\LibraryAPI.Infrastructure.dll" to "bin\Debug\net8.0\LibraryAPI.Infrastructure.dll". Beginning retry 8 in 1000ms. The process cannot access the file 'C:\Projects\Personal\LibraryApp\Backend\LibraryAPI\src\Presentation\LibraryAPI.Api\bin\Debug\net8.0\LibraryAPI.Infrastructure.dll' because it is being used by another process. The file is locked by: "Microsoft Visual Studio (44612), IIS Express Worker Process (1272)" [C:\Projects\Personal\LibraryApp\Backend\LibraryAPI\src\Presentation\LibraryAPI.Api\LibraryAPI.Api.csproj]
C:\Program Files\dotnet\sdk\10.0.103\Microsoft.Common.CurrentVersion.targets(5080,5): warning MSB3026: Could not copy "C:\Projects\Personal\LibraryApp\Backend\LibraryAPI\src\Application\LibraryAPI.Application\bin\Debug\net8.0\LibraryAPI.Application.dll" to "bin\Debug\net8.0\LibraryAPI.Application.dll". Beginning retry 9 in 1000ms. The process cannot access the file 'C:\Projects\Personal\LibraryApp\Backend\LibraryAPI\src\Presentation\LibraryAPI.Api\bin\Debug\net8.0\LibraryAPI.Application.dll' because it is being used by another process. The file is locked by: "IIS Express Worker Process (1272)" [C:\Projects\Personal\LibraryApp\Backend\LibraryAPI\src\Presentation\LibraryAPI.Api\LibraryAPI.Api.csproj]
C:\Program Files\dotnet\sdk\10.0.103\Microsoft.Common.CurrentVersion.targets(5080,5): warning MSB3026: Could not copy "C:\Projects\Personal\LibraryApp\Backend\LibraryAPI\src\Domain\LibraryAPI.Domain\bin\Debug\net8.0\LibraryAPI.Domain.dll" to "bin\Debug\net8.0\LibraryAPI.Domain.dll". Beginning retry 9 in 1000ms. The process cannot access the file 'C:\Projects\Personal\LibraryApp\Backend\LibraryAPI\src\Presentation\LibraryAPI.Api\bin\Debug\net8.0\LibraryAPI.Domain.dll' because it is being used by another process. The file is locked by: "IIS Express Worker Process (1272)" [C:\Projects\Personal\LibraryApp\Backend\LibraryAPI\src\Presentation\LibraryAPI.Api\LibraryAPI.Api.csproj]
C:\Program Files\dotnet\sdk\10.0.103\Microsoft.Common.CurrentVersion.targets(5080,5): warning MSB3026: Could not copy "C:\Projects\Personal\LibraryApp\Backend\LibraryAPI\src\Infrastructure\LibraryAPI.Infrastructure\bin\Debug\net8.0\LibraryAPI.Infrastructure.dll" to "bin\Debug\net8.0\LibraryAPI.Infrastructure.dll". Beginning retry 9 in 1000ms. The process cannot access the file 'C:\Projects\Personal\LibraryApp\Backend\LibraryAPI\src\Presentation\LibraryAPI.Api\bin\Debug\net8.0\LibraryAPI.Infrastructure.dll' because it is being used by another process. The file is locked by: "Microsoft Visual Studio (44612), IIS Express Worker Process (1272)" [C:\Projects\Personal\LibraryApp\Backend\LibraryAPI\src\Presentation\LibraryAPI.Api\LibraryAPI.Api.csproj]
C:\Program Files\dotnet\sdk\10.0.103\Microsoft.Common.CurrentVersion.targets(5080,5): warning MSB3026: Could not copy "C:\Projects\Personal\LibraryApp\Backend\LibraryAPI\src\Application\LibraryAPI.Application\bin\Debug\net8.0\LibraryAPI.Application.dll" to "bin\Debug\net8.0\LibraryAPI.Application.dll". Beginning retry 10 in 1000ms. The process cannot access the file 'C:\Projects\Personal\LibraryApp\Backend\LibraryAPI\src\Presentation\LibraryAPI.Api\bin\Debug\net8.0\LibraryAPI.Application.dll' because it is being used by another process. The file is locked by: "IIS Express Worker Process (1272)" [C:\Projects\Personal\LibraryApp\Backend\LibraryAPI\src\Presentation\LibraryAPI.Api\LibraryAPI.Api.csproj]
C:\Program Files\dotnet\sdk\10.0.103\Microsoft.Common.CurrentVersion.targets(5080,5): warning MSB3026: Could not copy "C:\Projects\Personal\LibraryApp\Backend\LibraryAPI\src\Domain\LibraryAPI.Domain\bin\Debug\net8.0\LibraryAPI.Domain.dll" to "bin\Debug\net8.0\LibraryAPI.Domain.dll". Beginning retry 10 in 1000ms. The process cannot access the file 'C:\Projects\Personal\LibraryApp\Backend\LibraryAPI\src\Presentation\LibraryAPI.Api\bin\Debug\net8.0\LibraryAPI.Domain.dll' because it is being used by another process. The file is locked by: "IIS Express Worker Process (1272)" [C:\Projects\Personal\LibraryApp\Backend\LibraryAPI\src\Presentation\LibraryAPI.Api\LibraryAPI.Api.csproj]
C:\Program Files\dotnet\sdk\10.0.103\Microsoft.Common.CurrentVersion.targets(5080,5): warning MSB3026: Could not copy "C:\Projects\Personal\LibraryApp\Backend\LibraryAPI\src\Infrastructure\LibraryAPI.Infrastructure\bin\Debug\net8.0\LibraryAPI.Infrastructure.dll" to "bin\Debug\net8.0\LibraryAPI.Infrastructure.dll". Beginning retry 10 in 1000ms. The process cannot access the file 'C:\Projects\Personal\LibraryApp\Backend\LibraryAPI\src\Presentation\LibraryAPI.Api\bin\Debug\net8.0\LibraryAPI.Infrastructure.dll' because it is being used by another process. The file is locked by: "Microsoft Visual Studio (44612), IIS Express Worker Process (1272)" [C:\Projects\Personal\LibraryApp\Backend\LibraryAPI\src\Presentation\LibraryAPI.Api\LibraryAPI.Api.csproj]
C:\Program Files\dotnet\sdk\10.0.103\Microsoft.Common.CurrentVersion.targets(5080,5): error MSB3027: Could not copy "C:\Projects\Personal\LibraryApp\Backend\LibraryAPI\src\Application\LibraryAPI.Application\bin\Debug\net8.0\LibraryAPI.Application.dll" to "bin\Debug\net8.0\LibraryAPI.Application.dll". Exceeded retry count of 10. Failed. The file is locked by: "IIS Express Worker Process (1272)" [C:\Projects\Personal\LibraryApp\Backend\LibraryAPI\src\Presentation\LibraryAPI.Api\LibraryAPI.Api.csproj]
C:\Program Files\dotnet\sdk\10.0.103\Microsoft.Common.CurrentVersion.targets(5080,5): error MSB3021: Unable to copy file "C:\Projects\Personal\LibraryApp\Backend\LibraryAPI\src\Application\LibraryAPI.Application\bin\Debug\net8.0\LibraryAPI.Application.dll" to "bin\Debug\net8.0\LibraryAPI.Application.dll". The process cannot access the file 'C:\Projects\Personal\LibraryApp\Backend\LibraryAPI\src\Presentation\LibraryAPI.Api\bin\Debug\net8.0\LibraryAPI.Application.dll' because it is being used by another process. [C:\Projects\Personal\LibraryApp\Backend\LibraryAPI\src\Presentation\LibraryAPI.Api\LibraryAPI.Api.csproj]
C:\Program Files\dotnet\sdk\10.0.103\Microsoft.Common.CurrentVersion.targets(5080,5): error MSB3027: Could not copy "C:\Projects\Personal\LibraryApp\Backend\LibraryAPI\src\Domain\LibraryAPI.Domain\bin\Debug\net8.0\LibraryAPI.Domain.dll" to "bin\Debug\net8.0\LibraryAPI.Domain.dll". Exceeded retry count of 10. Failed. The file is locked by: "IIS Express Worker Process (1272)" [C:\Projects\Personal\LibraryApp\Backend\LibraryAPI\src\Presentation\LibraryAPI.Api\LibraryAPI.Api.csproj]
C:\Program Files\dotnet\sdk\10.0.103\Microsoft.Common.CurrentVersion.targets(5080,5): error MSB3021: Unable to copy file "C:\Projects\Personal\LibraryApp\Backend\LibraryAPI\src\Domain\LibraryAPI.Domain\bin\Debug\net8.0\LibraryAPI.Domain.dll" to "bin\Debug\net8.0\LibraryAPI.Domain.dll". The process cannot access the file 'C:\Projects\Personal\LibraryApp\Backend\LibraryAPI\src\Presentation\LibraryAPI.Api\bin\Debug\net8.0\LibraryAPI.Domain.dll' because it is being used by another process. [C:\Projects\Personal\LibraryApp\Backend\LibraryAPI\src\Presentation\LibraryAPI.Api\LibraryAPI.Api.csproj]
C:\Program Files\dotnet\sdk\10.0.103\Microsoft.Common.CurrentVersion.targets(5080,5): error MSB3027: Could not copy "C:\Projects\Personal\LibraryApp\Backend\LibraryAPI\src\Infrastructure\LibraryAPI.Infrastructure\bin\Debug\net8.0\LibraryAPI.Infrastructure.dll" to "bin\Debug\net8.0\LibraryAPI.Infrastructure.dll". Exceeded retry count of 10. Failed. The file is locked by: "Microsoft Visual Studio (44612), IIS Express Worker Process (1272)" [C:\Projects\Personal\LibraryApp\Backend\LibraryAPI\src\Presentation\LibraryAPI.Api\LibraryAPI.Api.csproj]
C:\Program Files\dotnet\sdk\10.0.103\Microsoft.Common.CurrentVersion.targets(5080,5): error MSB3021: Unable to copy file "C:\Projects\Personal\LibraryApp\Backend\LibraryAPI\src\Infrastructure\LibraryAPI.Infrastructure\bin\Debug\net8.0\LibraryAPI.Infrastructure.dll" to "bin\Debug\net8.0\LibraryAPI.Infrastructure.dll". The process cannot access the file 'C:\Projects\Personal\LibraryApp\Backend\LibraryAPI\src\Presentation\LibraryAPI.Api\bin\Debug\net8.0\LibraryAPI.Infrastructure.dll' because it is being used by another process. [C:\Projects\Personal\LibraryApp\Backend\LibraryAPI\src\Presentation\LibraryAPI.Api\LibraryAPI.Api.csproj]

Build FAILED.

C:\Program Files\dotnet\sdk\10.0.103\Microsoft.Common.CurrentVersion.targets(5080,5): warning MSB3026: Could not copy "C:\Projects\Personal\LibraryApp\Backend\LibraryAPI\src\Infrastructure\LibraryAPI.Infrastructure\bin\Debug\net8.0\LibraryAPI.Infrastructure.dll" to "bin\Debug\net8.0\LibraryAPI.Infrastructure.dll". Beginning retry 1 in 1000ms. The process cannot access the file 'C:\Projects\Personal\LibraryApp\Backend\LibraryAPI\src\Presentation\LibraryAPI.Api\bin\Debug\net8.0\LibraryAPI.Infrastructure.dll' because it is being used by another process. The file is locked by: "Microsoft Visual Studio (44612), IIS Express Worker Process (1272)" [C:\Projects\Personal\LibraryApp\Backend\LibraryAPI\src\Presentation\LibraryAPI.Api\LibraryAPI.Api.csproj]
C:\Program Files\dotnet\sdk\10.0.103\Microsoft.Common.CurrentVersion.targets(5080,5): warning MSB3026: Could not copy "C:\Projects\Personal\LibraryApp\Backend\LibraryAPI\src\Domain\LibraryAPI.Domain\bin\Debug\net8.0\LibraryAPI.Domain.dll" to "bin\Debug\net8.0\LibraryAPI.Domain.dll". Beginning retry 1 in 1000ms. The process cannot access the file 'C:\Projects\Personal\LibraryApp\Backend\LibraryAPI\src\Presentation\LibraryAPI.Api\bin\Debug\net8.0\LibraryAPI.Domain.dll' because it is being used by another process. The file is locked by: "IIS Express Worker Process (1272)" [C:\Projects\Personal\LibraryApp\Backend\LibraryAPI\src\Presentation\LibraryAPI.Api\LibraryAPI.Api.csproj]
C:\Program Files\dotnet\sdk\10.0.103\Microsoft.Common.CurrentVersion.targets(5080,5): warning MSB3026: Could not copy "C:\Projects\Personal\LibraryApp\Backend\LibraryAPI\src\Application\LibraryAPI.Application\bin\Debug\net8.0\LibraryAPI.Application.dll" to "bin\Debug\net8.0\LibraryAPI.Application.dll". Beginning retry 1 in 1000ms. The process cannot access the file 'C:\Projects\Personal\LibraryApp\Backend\LibraryAPI\src\Presentation\LibraryAPI.Api\bin\Debug\net8.0\LibraryAPI.Application.dll' because it is being used by another process. The file is locked by: "IIS Express Worker Process (1272)" [C:\Projects\Personal\LibraryApp\Backend\LibraryAPI\src\Presentation\LibraryAPI.Api\LibraryAPI.Api.csproj]
C:\Program Files\dotnet\sdk\10.0.103\Microsoft.Common.CurrentVersion.targets(5080,5): warning MSB3026: Could not copy "C:\Projects\Personal\LibraryApp\Backend\LibraryAPI\src\Infrastructure\LibraryAPI.Infrastructure\bin\Debug\net8.0\LibraryAPI.Infrastructure.dll" to "bin\Debug\net8.0\LibraryAPI.Infrastructure.dll". Beginning retry 2 in 1000ms. The process cannot access the file 'C:\Projects\Personal\LibraryApp\Backend\LibraryAPI\src\Presentation\LibraryAPI.Api\bin\Debug\net8.0\LibraryAPI.Infrastructure.dll' because it is being used by another process. The file is locked by: "Microsoft Visual Studio (44612), IIS Express Worker Process (1272)" [C:\Projects\Personal\LibraryApp\Backend\LibraryAPI\src\Presentation\LibraryAPI.Api\LibraryAPI.Api.csproj]
C:\Program Files\dotnet\sdk\10.0.103\Microsoft.Common.CurrentVersion.targets(5080,5): warning MSB3026: Could not copy "C:\Projects\Personal\LibraryApp\Backend\LibraryAPI\src\Domain\LibraryAPI.Domain\bin\Debug\net8.0\LibraryAPI.Domain.dll" to "bin\Debug\net8.0\LibraryAPI.Domain.dll". Beginning retry 2 in 1000ms. The process cannot access the file 'C:\Projects\Personal\LibraryApp\Backend\LibraryAPI\src\Presentation\LibraryAPI.Api\bin\Debug\net8.0\LibraryAPI.Domain.dll' because it is being used by another process. The file is locked by: "IIS Express Worker Process (1272)" [C:\Projects\Personal\LibraryApp\Backend\LibraryAPI\src\Presentation\LibraryAPI.Api\LibraryAPI.Api.csproj]
C:\Program Files\dotnet\sdk\10.0.103\Microsoft.Common.CurrentVersion.targets(5080,5): warning MSB3026: Could not copy "C:\Projects\Personal\LibraryApp\Backend\LibraryAPI\src\Application\LibraryAPI.Application\bin\Debug\net8.0\LibraryAPI.Application.dll" to "bin\Debug\net8.0\LibraryAPI.Application.dll". Beginning retry 2 in 1000ms. The process cannot access the file 'C:\Projects\Personal\LibraryApp\Backend\LibraryAPI\src\Presentation\LibraryAPI.Api\bin\Debug\net8.0\LibraryAPI.Application.dll' because it is being used by another process. The file is locked by: "IIS Express Worker Process (1272)" [C:\Projects\Personal\LibraryApp\Backend\LibraryAPI\src\Presentation\LibraryAPI.Api\LibraryAPI.Api.csproj]
C:\Program Files\dotnet\sdk\10.0.103\Microsoft.Common.CurrentVersion.targets(5080,5): warning MSB3026: Could not copy "C:\Projects\Personal\LibraryApp\Backend\LibraryAPI\src\Application\LibraryAPI.Application\bin\Debug\net8.0\LibraryAPI.Application.dll" to "bin\Debug\net8.0\LibraryAPI.Application.dll". Beginning retry 3 in 1000ms. The process cannot access the file 'C:\Projects\Personal\LibraryApp\Backend\LibraryAPI\src\Presentation\LibraryAPI.Api\bin\Debug\net8.0\LibraryAPI.Application.dll' because it is being used by another process. The file is locked by: "IIS Express Worker Process (1272)" [C:\Projects\Personal\LibraryApp\Backend\LibraryAPI\src\Presentation\LibraryAPI.Api\LibraryAPI.Api.csproj]
C:\Program Files\dotnet\sdk\10.0.103\Microsoft.Common.CurrentVersion.targets(5080,5): warning MSB3026: Could not copy "C:\Projects\Personal\LibraryApp\Backend\LibraryAPI\src\Domain\LibraryAPI.Domain\bin\Debug\net8.0\LibraryAPI.Domain.dll" to "bin\Debug\net8.0\LibraryAPI.Domain.dll". Beginning retry 3 in 1000ms. The process cannot access the file 'C:\Projects\Personal\LibraryApp\Backend\LibraryAPI\src\Presentation\LibraryAPI.Api\bin\Debug\net8.0\LibraryAPI.Domain.dll' because it is being used by another process. The file is locked by: "IIS Express Worker Process (1272)" [C:\Projects\Personal\LibraryApp\Backend\LibraryAPI\src\Presentation\LibraryAPI.Api\LibraryAPI.Api.csproj]
C:\Program Files\dotnet\sdk\10.0.103\Microsoft.Common.CurrentVersion.targets(5080,5): warning MSB3026: Could not copy "C:\Projects\Personal\LibraryApp\Backend\LibraryAPI\src\Infrastructure\LibraryAPI.Infrastructure\bin\Debug\net8.0\LibraryAPI.Infrastructure.dll" to "bin\Debug\net8.0\LibraryAPI.Infrastructure.dll". Beginning retry 3 in 1000ms. The process cannot access the file 'C:\Projects\Personal\LibraryApp\Backend\LibraryAPI\src\Presentation\LibraryAPI.Api\bin\Debug\net8.0\LibraryAPI.Infrastructure.dll' because it is being used by another process. The file is locked by: "Microsoft Visual Studio (44612), IIS Express Worker Process (1272)" [C:\Projects\Personal\LibraryApp\Backend\LibraryAPI\src\Presentation\LibraryAPI.Api\LibraryAPI.Api.csproj]
C:\Program Files\dotnet\sdk\10.0.103\Microsoft.Common.CurrentVersion.targets(5080,5): warning MSB3026: Could not copy "C:\Projects\Personal\LibraryApp\Backend\LibraryAPI\src\Application\LibraryAPI.Application\bin\Debug\net8.0\LibraryAPI.Application.dll" to "bin\Debug\net8.0\LibraryAPI.Application.dll". Beginning retry 4 in 1000ms. The process cannot access the file 'C:\Projects\Personal\LibraryApp\Backend\LibraryAPI\src\Presentation\LibraryAPI.Api\bin\Debug\net8.0\LibraryAPI.Application.dll' because it is being used by another process. The file is locked by: "IIS Express Worker Process (1272)" [C:\Projects\Personal\LibraryApp\Backend\LibraryAPI\src\Presentation\LibraryAPI.Api\LibraryAPI.Api.csproj]
C:\Program Files\dotnet\sdk\10.0.103\Microsoft.Common.CurrentVersion.targets(5080,5): warning MSB3026: Could not copy "C:\Projects\Personal\LibraryApp\Backend\LibraryAPI\src\Domain\LibraryAPI.Domain\bin\Debug\net8.0\LibraryAPI.Domain.dll" to "bin\Debug\net8.0\LibraryAPI.Domain.dll". Beginning retry 4 in 1000ms. The process cannot access the file 'C:\Projects\Personal\LibraryApp\Backend\LibraryAPI\src\Presentation\LibraryAPI.Api\bin\Debug\net8.0\LibraryAPI.Domain.dll' because it is being used by another process. The file is locked by: "IIS Express Worker Process (1272)" [C:\Projects\Personal\LibraryApp\Backend\LibraryAPI\src\Presentation\LibraryAPI.Api\LibraryAPI.Api.csproj]
C:\Program Files\dotnet\sdk\10.0.103\Microsoft.Common.CurrentVersion.targets(5080,5): warning MSB3026: Could not copy "C:\Projects\Personal\LibraryApp\Backend\LibraryAPI\src\Infrastructure\LibraryAPI.Infrastructure\bin\Debug\net8.0\LibraryAPI.Infrastructure.dll" to "bin\Debug\net8.0\LibraryAPI.Infrastructure.dll". Beginning retry 4 in 1000ms. The process cannot access the file 'C:\Projects\Personal\LibraryApp\Backend\LibraryAPI\src\Presentation\LibraryAPI.Api\bin\Debug\net8.0\LibraryAPI.Infrastructure.dll' because it is being used by another process. The file is locked by: "Microsoft Visual Studio (44612), IIS Express Worker Process (1272)" [C:\Projects\Personal\LibraryApp\Backend\LibraryAPI\src\Presentation\LibraryAPI.Api\LibraryAPI.Api.csproj]
C:\Program Files\dotnet\sdk\10.0.103\Microsoft.Common.CurrentVersion.targets(5080,5): warning MSB3026: Could not copy "C:\Projects\Personal\LibraryApp\Backend\LibraryAPI\src\Application\LibraryAPI.Application\bin\Debug\net8.0\LibraryAPI.Application.dll" to "bin\Debug\net8.0\LibraryAPI.Application.dll". Beginning retry 5 in 1000ms. The process cannot access the file 'C:\Projects\Personal\LibraryApp\Backend\LibraryAPI\src\Presentation\LibraryAPI.Api\bin\Debug\net8.0\LibraryAPI.Application.dll' because it is being used by another process. The file is locked by: "IIS Express Worker Process (1272)" [C:\Projects\Personal\LibraryApp\Backend\LibraryAPI\src\Presentation\LibraryAPI.Api\LibraryAPI.Api.csproj]
C:\Program Files\dotnet\sdk\10.0.103\Microsoft.Common.CurrentVersion.targets(5080,5): warning MSB3026: Could not copy "C:\Projects\Personal\LibraryApp\Backend\LibraryAPI\src\Domain\LibraryAPI.Domain\bin\Debug\net8.0\LibraryAPI.Domain.dll" to "bin\Debug\net8.0\LibraryAPI.Domain.dll". Beginning retry 5 in 1000ms. The process cannot access the file 'C:\Projects\Personal\LibraryApp\Backend\LibraryAPI\src\Presentation\LibraryAPI.Api\bin\Debug\net8.0\LibraryAPI.Domain.dll' because it is being used by another process. The file is locked by: "IIS Express Worker Process (1272)" [C:\Projects\Personal\LibraryApp\Backend\LibraryAPI\src\Presentation\LibraryAPI.Api\LibraryAPI.Api.csproj]
C:\Program Files\dotnet\sdk\10.0.103\Microsoft.Common.CurrentVersion.targets(5080,5): warning MSB3026: Could not copy "C:\Projects\Personal\LibraryApp\Backend\LibraryAPI\src\Infrastructure\LibraryAPI.Infrastructure\bin\Debug\net8.0\LibraryAPI.Infrastructure.dll" to "bin\Debug\net8.0\LibraryAPI.Infrastructure.dll". Beginning retry 5 in 1000ms. The process cannot access the file 'C:\Projects\Personal\LibraryApp\Backend\LibraryAPI\src\Presentation\LibraryAPI.Api\bin\Debug\net8.0\LibraryAPI.Infrastructure.dll' because it is being used by another process. The file is locked by: "Microsoft Visual Studio (44612), IIS Express Worker Process (1272)" [C:\Projects\Personal\LibraryApp\Backend\LibraryAPI\src\Presentation\LibraryAPI.Api\LibraryAPI.Api.csproj]
C:\Program Files\dotnet\sdk\10.0.103\Microsoft.Common.CurrentVersion.targets(5080,5): warning MSB3026: Could not copy "C:\Projects\Personal\LibraryApp\Backend\LibraryAPI\src\Application\LibraryAPI.Application\bin\Debug\net8.0\LibraryAPI.Application.dll" to "bin\Debug\net8.0\LibraryAPI.Application.dll". Beginning retry 6 in 1000ms. The process cannot access the file 'C:\Projects\Personal\LibraryApp\Backend\LibraryAPI\src\Presentation\LibraryAPI.Api\bin\Debug\net8.0\LibraryAPI.Application.dll' because it is being used by another process. The file is locked by: "IIS Express Worker Process (1272)" [C:\Projects\Personal\LibraryApp\Backend\LibraryAPI\src\Presentation\LibraryAPI.Api\LibraryAPI.Api.csproj]
C:\Program Files\dotnet\sdk\10.0.103\Microsoft.Common.CurrentVersion.targets(5080,5): warning MSB3026: Could not copy "C:\Projects\Personal\LibraryApp\Backend\LibraryAPI\src\Domain\LibraryAPI.Domain\bin\Debug\net8.0\LibraryAPI.Domain.dll" to "bin\Debug\net8.0\LibraryAPI.Domain.dll". Beginning retry 6 in 1000ms. The process cannot access the file 'C:\Projects\Personal\LibraryApp\Backend\LibraryAPI\src\Presentation\LibraryAPI.Api\bin\Debug\net8.0\LibraryAPI.Domain.dll' because it is being used by another process. The file is locked by: "IIS Express Worker Process (1272)" [C:\Projects\Personal\LibraryApp\Backend\LibraryAPI\src\Presentation\LibraryAPI.Api\LibraryAPI.Api.csproj]
C:\Program Files\dotnet\sdk\10.0.103\Microsoft.Common.CurrentVersion.targets(5080,5): warning MSB3026: Could not copy "C:\Projects\Personal\LibraryApp\Backend\LibraryAPI\src\Infrastructure\LibraryAPI.Infrastructure\bin\Debug\net8.0\LibraryAPI.Infrastructure.dll" to "bin\Debug\net8.0\LibraryAPI.Infrastructure.dll". Beginning retry 6 in 1000ms. The process cannot access the file 'C:\Projects\Personal\LibraryApp\Backend\LibraryAPI\src\Presentation\LibraryAPI.Api\bin\Debug\net8.0\LibraryAPI.Infrastructure.dll' because it is being used by another process. The file is locked by: "Microsoft Visual Studio (44612), IIS Express Worker Process (1272)" [C:\Projects\Personal\LibraryApp\Backend\LibraryAPI\src\Presentation\LibraryAPI.Api\LibraryAPI.Api.csproj]
C:\Program Files\dotnet\sdk\10.0.103\Microsoft.Common.CurrentVersion.targets(5080,5): warning MSB3026: Could not copy "C:\Projects\Personal\LibraryApp\Backend\LibraryAPI\src\Application\LibraryAPI.Application\bin\Debug\net8.0\LibraryAPI.Application.dll" to "bin\Debug\net8.0\LibraryAPI.Application.dll". Beginning retry 7 in 1000ms. The process cannot access the file 'C:\Projects\Personal\LibraryApp\Backend\LibraryAPI\src\Presentation\LibraryAPI.Api\bin\Debug\net8.0\LibraryAPI.Application.dll' because it is being used by another process. The file is locked by: "IIS Express Worker Process (1272)" [C:\Projects\Personal\LibraryApp\Backend\LibraryAPI\src\Presentation\LibraryAPI.Api\LibraryAPI.Api.csproj]
C:\Program Files\dotnet\sdk\10.0.103\Microsoft.Common.CurrentVersion.targets(5080,5): warning MSB3026: Could not copy "C:\Projects\Personal\LibraryApp\Backend\LibraryAPI\src\Domain\LibraryAPI.Domain\bin\Debug\net8.0\LibraryAPI.Domain.dll" to "bin\Debug\net8.0\LibraryAPI.Domain.dll". Beginning retry 7 in 1000ms. The process cannot access the file 'C:\Projects\Personal\LibraryApp\Backend\LibraryAPI\src\Presentation\LibraryAPI.Api\bin\Debug\net8.0\LibraryAPI.Domain.dll' because it is being used by another process. The file is locked by: "IIS Express Worker Process (1272)" [C:\Projects\Personal\LibraryApp\Backend\LibraryAPI\src\Presentation\LibraryAPI.Api\LibraryAPI.Api.csproj]
C:\Program Files\dotnet\sdk\10.0.103\Microsoft.Common.CurrentVersion.targets(5080,5): warning MSB3026: Could not copy "C:\Projects\Personal\LibraryApp\Backend\LibraryAPI\src\Infrastructure\LibraryAPI.Infrastructure\bin\Debug\net8.0\LibraryAPI.Infrastructure.dll" to "bin\Debug\net8.0\LibraryAPI.Infrastructure.dll". Beginning retry 7 in 1000ms. The process cannot access the file 'C:\Projects\Personal\LibraryApp\Backend\LibraryAPI\src\Presentation\LibraryAPI.Api\bin\Debug\net8.0\LibraryAPI.Infrastructure.dll' because it is being used by another process. The file is locked by: "Microsoft Visual Studio (44612), IIS Express Worker Process (1272)" [C:\Projects\Personal\LibraryApp\Backend\LibraryAPI\src\Presentation\LibraryAPI.Api\LibraryAPI.Api.csproj]
C:\Program Files\dotnet\sdk\10.0.103\Microsoft.Common.CurrentVersion.targets(5080,5): warning MSB3026: Could not copy "C:\Projects\Personal\LibraryApp\Backend\LibraryAPI\src\Application\LibraryAPI.Application\bin\Debug\net8.0\LibraryAPI.Application.dll" to "bin\Debug\net8.0\LibraryAPI.Application.dll". Beginning retry 8 in 1000ms. The process cannot access the file 'C:\Projects\Personal\LibraryApp\Backend\LibraryAPI\src\Presentation\LibraryAPI.Api\bin\Debug\net8.0\LibraryAPI.Application.dll' because it is being used by another process. The file is locked by: "IIS Express Worker Process (1272)" [C:\Projects\Personal\LibraryApp\Backend\LibraryAPI\src\Presentation\LibraryAPI.Api\LibraryAPI.Api.csproj]
C:\Program Files\dotnet\sdk\10.0.103\Microsoft.Common.CurrentVersion.targets(5080,5): warning MSB3026: Could not copy "C:\Projects\Personal\LibraryApp\Backend\LibraryAPI\src\Domain\LibraryAPI.Domain\bin\Debug\net8.0\LibraryAPI.Domain.dll" to "bin\Debug\net8.0\LibraryAPI.Domain.dll". Beginning retry 8 in 1000ms. The process cannot access the file 'C:\Projects\Personal\LibraryApp\Backend\LibraryAPI\src\Presentation\LibraryAPI.Api\bin\Debug\net8.0\LibraryAPI.Domain.dll' because it is being used by another process. The file is locked by: "IIS Express Worker Process (1272)" [C:\Projects\Personal\LibraryApp\Backend\LibraryAPI\src\Presentation\LibraryAPI.Api\LibraryAPI.Api.csproj]
C:\Program Files\dotnet\sdk\10.0.103\Microsoft.Common.CurrentVersion.targets(5080,5): warning MSB3026: Could not copy "C:\Projects\Personal\LibraryApp\Backend\LibraryAPI\src\Infrastructure\LibraryAPI.Infrastructure\bin\Debug\net8.0\LibraryAPI.Infrastructure.dll" to "bin\Debug\net8.0\LibraryAPI.Infrastructure.dll". Beginning retry 8 in 1000ms. The process cannot access the file 'C:\Projects\Personal\LibraryApp\Backend\LibraryAPI\src\Presentation\LibraryAPI.Api\bin\Debug\net8.0\LibraryAPI.Infrastructure.dll' because it is being used by another process. The file is locked by: "Microsoft Visual Studio (44612), IIS Express Worker Process (1272)" [C:\Projects\Personal\LibraryApp\Backend\LibraryAPI\src\Presentation\LibraryAPI.Api\LibraryAPI.Api.csproj]
C:\Program Files\dotnet\sdk\10.0.103\Microsoft.Common.CurrentVersion.targets(5080,5): warning MSB3026: Could not copy "C:\Projects\Personal\LibraryApp\Backend\LibraryAPI\src\Application\LibraryAPI.Application\bin\Debug\net8.0\LibraryAPI.Application.dll" to "bin\Debug\net8.0\LibraryAPI.Application.dll". Beginning retry 9 in 1000ms. The process cannot access the file 'C:\Projects\Personal\LibraryApp\Backend\LibraryAPI\src\Presentation\LibraryAPI.Api\bin\Debug\net8.0\LibraryAPI.Application.dll' because it is being used by another process. The file is locked by: "IIS Express Worker Process (1272)" [C:\Projects\Personal\LibraryApp\Backend\LibraryAPI\src\Presentation\LibraryAPI.Api\LibraryAPI.Api.csproj]
C:\Program Files\dotnet\sdk\10.0.103\Microsoft.Common.CurrentVersion.targets(5080,5): warning MSB3026: Could not copy "C:\Projects\Personal\LibraryApp\Backend\LibraryAPI\src\Domain\LibraryAPI.Domain\bin\Debug\net8.0\LibraryAPI.Domain.dll" to "bin\Debug\net8.0\LibraryAPI.Domain.dll". Beginning retry 9 in 1000ms. The process cannot access the file 'C:\Projects\Personal\LibraryApp\Backend\LibraryAPI\src\Presentation\LibraryAPI.Api\bin\Debug\net8.0\LibraryAPI.Domain.dll' because it is being used by another process. The file is locked by: "IIS Express Worker Process (1272)" [C:\Projects\Personal\LibraryApp\Backend\LibraryAPI\src\Presentation\LibraryAPI.Api\LibraryAPI.Api.csproj]
C:\Program Files\dotnet\sdk\10.0.103\Microsoft.Common.CurrentVersion.targets(5080,5): warning MSB3026: Could not copy "C:\Projects\Personal\LibraryApp\Backend\LibraryAPI\src\Infrastructure\LibraryAPI.Infrastructure\bin\Debug\net8.0\LibraryAPI.Infrastructure.dll" to "bin\Debug\net8.0\LibraryAPI.Infrastructure.dll". Beginning retry 9 in 1000ms. The process cannot access the file 'C:\Projects\Personal\LibraryApp\Backend\LibraryAPI\src\Presentation\LibraryAPI.Api\bin\Debug\net8.0\LibraryAPI.Infrastructure.dll' because it is being used by another process. The file is locked by: "Microsoft Visual Studio (44612), IIS Express Worker Process (1272)" [C:\Projects\Personal\LibraryApp\Backend\LibraryAPI\src\Presentation\LibraryAPI.Api\LibraryAPI.Api.csproj]
C:\Program Files\dotnet\sdk\10.0.103\Microsoft.Common.CurrentVersion.targets(5080,5): warning MSB3026: Could not copy "C:\Projects\Personal\LibraryApp\Backend\LibraryAPI\src\Application\LibraryAPI.Application\bin\Debug\net8.0\LibraryAPI.Application.dll" to "bin\Debug\net8.0\LibraryAPI.Application.dll". Beginning retry 10 in 1000ms. The process cannot access the file 'C:\Projects\Personal\LibraryApp\Backend\LibraryAPI\src\Presentation\LibraryAPI.Api\bin\Debug\net8.0\LibraryAPI.Application.dll' because it is being used by another process. The file is locked by: "IIS Express Worker Process (1272)" [C:\Projects\Personal\LibraryApp\Backend\LibraryAPI\src\Presentation\LibraryAPI.Api\LibraryAPI.Api.csproj]
C:\Program Files\dotnet\sdk\10.0.103\Microsoft.Common.CurrentVersion.targets(5080,5): warning MSB3026: Could not copy "C:\Projects\Personal\LibraryApp\Backend\LibraryAPI\src\Domain\LibraryAPI.Domain\bin\Debug\net8.0\LibraryAPI.Domain.dll" to "bin\Debug\net8.0\LibraryAPI.Domain.dll". Beginning retry 10 in 1000ms. The process cannot access the file 'C:\Projects\Personal\LibraryApp\Backend\LibraryAPI\src\Presentation\LibraryAPI.Api\bin\Debug\net8.0\LibraryAPI.Domain.dll' because it is being used by another process. The file is locked by: "IIS Express Worker Process (1272)" [C:\Projects\Personal\LibraryApp\Backend\LibraryAPI\src\Presentation\LibraryAPI.Api\LibraryAPI.Api.csproj]
C:\Program Files\dotnet\sdk\10.0.103\Microsoft.Common.CurrentVersion.targets(5080,5): warning MSB3026: Could not copy "C:\Projects\Personal\LibraryApp\Backend\LibraryAPI\src\Infrastructure\LibraryAPI.Infrastructure\bin\Debug\net8.0\LibraryAPI.Infrastructure.dll" to "bin\Debug\net8.0\LibraryAPI.Infrastructure.dll". Beginning retry 10 in 1000ms. The process cannot access the file 'C:\Projects\Personal\LibraryApp\Backend\LibraryAPI\src\Presentation\LibraryAPI.Api\bin\Debug\net8.0\LibraryAPI.Infrastructure.dll' because it is being used by another process. The file is locked by: "Microsoft Visual Studio (44612), IIS Express Worker Process (1272)" [C:\Projects\Personal\LibraryApp\Backend\LibraryAPI\src\Presentation\LibraryAPI.Api\LibraryAPI.Api.csproj]
C:\Program Files\dotnet\sdk\10.0.103\Microsoft.Common.CurrentVersion.targets(5080,5): error MSB3027: Could not copy "C:\Projects\Personal\LibraryApp\Backend\LibraryAPI\src\Application\LibraryAPI.Application\bin\Debug\net8.0\LibraryAPI.Application.dll" to "bin\Debug\net8.0\LibraryAPI.Application.dll". Exceeded retry count of 10. Failed. The file is locked by: "IIS Express Worker Process (1272)" [C:\Projects\Personal\LibraryApp\Backend\LibraryAPI\src\Presentation\LibraryAPI.Api\LibraryAPI.Api.csproj]
C:\Program Files\dotnet\sdk\10.0.103\Microsoft.Common.CurrentVersion.targets(5080,5): error MSB3021: Unable to copy file "C:\Projects\Personal\LibraryApp\Backend\LibraryAPI\src\Application\LibraryAPI.Application\bin\Debug\net8.0\LibraryAPI.Application.dll" to "bin\Debug\net8.0\LibraryAPI.Application.dll". The process cannot access the file 'C:\Projects\Personal\LibraryApp\Backend\LibraryAPI\src\Presentation\LibraryAPI.Api\bin\Debug\net8.0\LibraryAPI.Application.dll' because it is being used by another process. [C:\Projects\Personal\LibraryApp\Backend\LibraryAPI\src\Presentation\LibraryAPI.Api\LibraryAPI.Api.csproj]
C:\Program Files\dotnet\sdk\10.0.103\Microsoft.Common.CurrentVersion.targets(5080,5): error MSB3027: Could not copy "C:\Projects\Personal\LibraryApp\Backend\LibraryAPI\src\Domain\LibraryAPI.Domain\bin\Debug\net8.0\LibraryAPI.Domain.dll" to "bin\Debug\net8.0\LibraryAPI.Domain.dll". Exceeded retry count of 10. Failed. The file is locked by: "IIS Express Worker Process (1272)" [C:\Projects\Personal\LibraryApp\Backend\LibraryAPI\src\Presentation\LibraryAPI.Api\LibraryAPI.Api.csproj]
C:\Program Files\dotnet\sdk\10.0.103\Microsoft.Common.CurrentVersion.targets(5080,5): error MSB3021: Unable to copy file "C:\Projects\Personal\LibraryApp\Backend\LibraryAPI\src\Domain\LibraryAPI.Domain\bin\Debug\net8.0\LibraryAPI.Domain.dll" to "bin\Debug\net8.0\LibraryAPI.Domain.dll". The process cannot access the file 'C:\Projects\Personal\LibraryApp\Backend\LibraryAPI\src\Presentation\LibraryAPI.Api\bin\Debug\net8.0\LibraryAPI.Domain.dll' because it is being used by another process. [C:\Projects\Personal\LibraryApp\Backend\LibraryAPI\src\Presentation\LibraryAPI.Api\LibraryAPI.Api.csproj]
C:\Program Files\dotnet\sdk\10.0.103\Microsoft.Common.CurrentVersion.targets(5080,5): error MSB3027: Could not copy "C:\Projects\Personal\LibraryApp\Backend\LibraryAPI\src\Infrastructure\LibraryAPI.Infrastructure\bin\Debug\net8.0\LibraryAPI.Infrastructure.dll" to "bin\Debug\net8.0\LibraryAPI.Infrastructure.dll". Exceeded retry count of 10. Failed. The file is locked by: "Microsoft Visual Studio (44612), IIS Express Worker Process (1272)" [C:\Projects\Personal\LibraryApp\Backend\LibraryAPI\src\Presentation\LibraryAPI.Api\LibraryAPI.Api.csproj]
C:\Program Files\dotnet\sdk\10.0.103\Microsoft.Common.CurrentVersion.targets(5080,5): error MSB3021: Unable to copy file "C:\Projects\Personal\LibraryApp\Backend\LibraryAPI\src\Infrastructure\LibraryAPI.Infrastructure\bin\Debug\net8.0\LibraryAPI.Infrastructure.dll" to "bin\Debug\net8.0\LibraryAPI.Infrastructure.dll". The process cannot access the file 'C:\Projects\Personal\LibraryApp\Backend\LibraryAPI\src\Presentation\LibraryAPI.Api\bin\Debug\net8.0\LibraryAPI.Infrastructure.dll' because it is being used by another process. [C:\Projects\Personal\LibraryApp\Backend\LibraryAPI\src\Presentation\LibraryAPI.Api\LibraryAPI.Api.csproj]
    30 Warning(s)
    6 Error(s)

Time Elapsed 00:00:13.38
