  Determining projects to restore...
  All projects are up-to-date for restore.
  LibraryAPI.Domain -> C:\Projects\Personal\LibraryApp\Backend\LibraryAPI\src\Domain\LibraryAPI.Domain\bin\Debug\net8.0\LibraryAPI.Domain.dll
  LibraryAPI.Application -> C:\Projects\Personal\LibraryApp\Backend\LibraryAPI\src\Application\LibraryAPI.Application\bin\Debug\net8.0\LibraryAPI.Application.dll
  LibraryAPI.Infrastructure -> C:\Projects\Personal\LibraryApp\Backend\LibraryAPI\src\Infrastructure\LibraryAPI.Infrastructure\bin\Debug\net8.0\LibraryAPI.Infrastructure.dll
C:\Projects\Personal\LibraryApp\Backend\LibraryAPI\src\Presentation\LibraryAPI.Api\Program.cs(83,9): error CS1503: Argument 1: cannot convert from 'Microsoft.AspNetCore.Identity.UserManager<Microsoft.AspNetCore.Identity.IdentityUser>' to 'Microsoft.AspNetCore.Identity.UserManager<LibraryAPI.Domain.Entities.ApplicationUser>' [C:\Projects\Personal\LibraryApp\Backend\LibraryAPI\src\Presentation\LibraryAPI.Api\LibraryAPI.Api.csproj]

Build FAILED.

C:\Projects\Personal\LibraryApp\Backend\LibraryAPI\src\Presentation\LibraryAPI.Api\Program.cs(83,9): error CS1503: Argument 1: cannot convert from 'Microsoft.AspNetCore.Identity.UserManager<Microsoft.AspNetCore.Identity.IdentityUser>' to 'Microsoft.AspNetCore.Identity.UserManager<LibraryAPI.Domain.Entities.ApplicationUser>' [C:\Projects\Personal\LibraryApp\Backend\LibraryAPI\src\Presentation\LibraryAPI.Api\LibraryAPI.Api.csproj]
    0 Warning(s)
    1 Error(s)

Time Elapsed 00:00:04.05
